I'm sorry, but errors were detected in your script. Please correct the
errors listed below, and try again.


File "game/script.rpy", line 30: is not terminated with a newline. (Check strings and parenthesis.)
(Perhaps you left out a " at the end of the first line.)
        player "No te preocupes, la culpa fue mía jaja... Por casualidad, ¿sabes dónde queda...?

Ren'Py Version: Ren'Py 8.3.2.24090902
Fri Oct 11 20:37:55 2024
